     1                                 %line 1+1 circle.asm
     2                                 
     3                                 
     4                                 [extern pi]
     5                                 
     6                                 [global c_area]
     7                                 c_area:
     8                                 [section .text]
     9 00000000 55                      push rbp
    10 00000001 4889E5                  mov rbp, rsp
    11                                 
    12                                 
    13 00000004 F20F59C0                mulsd xmm0, xmm0
    14 00000008 F20F590425[00000000]      mulsd xmm0, [pi]
    15                                 
    16 00000011 C9                      leave
    17 00000012 C3                      ret
    18                                 
    19                                 [global c_circumference]
    20                                 c_circumference:
    21                                 [section .data]
    22 00000000 0000000000000040        two dq 2.0
    23                                 
    24                                 [section .text]
    25 00000013 55                      push rbp
    26 00000014 4889E5                  mov rbp, rsp
    27                                 
    28                                 
    29 00000017 F20F590425[00000000]      mulsd xmm0, [two]
    30 00000020 F20F590425[00000000]      mulsd xmm0, [pi]
    31                                 
    32 00000029 C9                      leave
    33 0000002A C3                      ret
    34                                 
    35                                 
